2019/05/16 13:27:37 [error] 8432#0: *1 open() "/usr/local/Cellar/nginx/1.15.11/html/favicon.ico" failed (2: No such file or directory), client: 127.0.0.1, server: localhost, request: "GET /favicon.ico HTTP/1.1", host: "localhost:8080", referrer: "http://localhost:8080/"
2019/05/16 13:27:40 [info] 8432#0: *1 kevent() reported that client 127.0.0.1 closed keepalive connection
2019/05/16 13:28:00 [info] 8432#0: *3 client closed connection while waiting for request, client: 127.0.0.1, server: 0.0.0.0:8080
2019/05/16 13:41:57 [info] 11455#0: *2 client closed connection while waiting for request, client: 127.0.0.1, server: 0.0.0.0:8080
2019/05/16 14:12:14 [info] 12890#0: *1 client closed connection while waiting for request, client: 127.0.0.1, server: 0.0.0.0:8080
2019/05/16 14:12:14 [info] 12890#0: *2 client closed connection while waiting for request, client: 127.0.0.1, server: 0.0.0.0:8080
2019/05/16 14:13:37 [error] 12890#0: *3 open() "/usr/local/Cellar/nginx/1.15.11/html/pikachu" failed (2: No such file or directory), client: 127.0.0.1, server: localhost, request: "GET /pikachu HTTP/1.1", host: "localhost:8080"
2019/05/16 14:13:59 [info] 12890#0: *4 client closed connection while waiting for request, client: 127.0.0.1, server: 0.0.0.0:8080
2019/05/16 14:15:00 [info] 12890#0: *5 client closed connection while waiting for request, client: 127.0.0.1, server: 0.0.0.0:8080
2019/05/16 14:19:00 [info] 12890#0: *7 client closed connection while waiting for request, client: 127.0.0.1, server: 0.0.0.0:8080
2019/05/16 14:32:27 [info] 12890#0: *9 client closed connection while waiting for request, client: 127.0.0.1, server: 0.0.0.0:8080
2019/05/16 14:32:38 [info] 12890#0: *10 client closed connection while waiting for request, client: 127.0.0.1, server: 0.0.0.0:8080
2019/05/16 14:32:59 [info] 12890#0: *11 client closed connection while waiting for request, client: 127.0.0.1, server: 0.0.0.0:8080
2019/05/16 14:33:23 [info] 12890#0: *12 client closed connection while waiting for request, client: 127.0.0.1, server: 0.0.0.0:8080
2019/05/16 14:49:08 [info] 14540#0: *2 client closed connection while waiting for request, client: 127.0.0.1, server: 0.0.0.0:8080
2019/05/16 15:06:08 [info] 15563#0: *1 client closed connection while waiting for request, client: 127.0.0.1, server: 0.0.0.0:8080
2019/05/16 15:06:08 [info] 15563#0: *2 client closed connection while waiting for request, client: 127.0.0.1, server: 0.0.0.0:8080
2019/05/16 15:06:22 [info] 15563#0: *4 client closed connection while waiting for request, client: 127.0.0.1, server: 0.0.0.0:8080
2019/05/16 15:06:38 [info] 15563#0: *5 client closed connection while waiting for request, client: 127.0.0.1, server: 0.0.0.0:8080
2019/05/16 15:08:08 [info] 15563#0: *7 client closed connection while waiting for request, client: 127.0.0.1, server: 0.0.0.0:8080
2019/05/16 15:08:38 [info] 15563#0: *8 client closed connection while waiting for request, client: 127.0.0.1, server: 0.0.0.0:8080
2019/05/16 15:10:38 [info] 16017#0: *2 client closed connection while waiting for request, client: 127.0.0.1, server: 0.0.0.0:8080
2019/05/16 15:34:44 [info] 16017#0: *4 client closed connection while waiting for request, client: 127.0.0.1, server: 0.0.0.0:8080
2019/05/16 15:54:01 [info] 16017#0: *5 client closed connection while waiting for request, client: 127.0.0.1, server: 0.0.0.0:8080
2019/05/16 21:11:17 [info] 16017#0: *6 client closed connection while waiting for request, client: 127.0.0.1, server: 0.0.0.0:8080
2019/05/16 21:11:52 [info] 16017#0: *7 client closed connection while waiting for request, client: 127.0.0.1, server: 0.0.0.0:8080
2019/05/17 13:46:04 [info] 16017#0: *8 client closed connection while waiting for request, client: 127.0.0.1, server: 0.0.0.0:8080
2019/05/17 13:46:04 [info] 16017#0: *9 client closed connection while waiting for request, client: 127.0.0.1, server: 0.0.0.0:8080
2019/05/17 13:48:32 [info] 16017#0: *11 client closed connection while waiting for request, client: 127.0.0.1, server: 0.0.0.0:8080
2019/05/17 13:48:49 [info] 16017#0: *12 client closed connection while waiting for request, client: 127.0.0.1, server: 0.0.0.0:8080
2019/05/17 13:49:19 [info] 16017#0: *13 client closed connection while waiting for request, client: 127.0.0.1, server: 0.0.0.0:8080
2019/05/17 14:04:16 [info] 35980#0: *2 client closed connection while waiting for request, client: 127.0.0.1, server: 0.0.0.0:8080
2019/05/17 14:04:34 [info] 35980#0: *3 client closed connection while waiting for request, client: 127.0.0.1, server: 0.0.0.0:8080
2019/05/17 14:05:19 [info] 35980#0: *4 client closed connection while waiting for request, client: 127.0.0.1, server: 0.0.0.0:8080
2019/05/17 14:05:38 [info] 35980#0: *5 kevent() reported that client 127.0.0.1 closed keepalive connection
2019/05/17 14:06:31 [info] 36240#0: *1 client closed connection while waiting for request, client: 127.0.0.1, server: 0.0.0.0:8080
2019/05/17 14:06:49 [info] 36240#0: *3 client closed connection while waiting for request, client: 127.0.0.1, server: 0.0.0.0:8080
2019/05/17 14:07:34 [info] 36705#0: *2 client closed connection while waiting for request, client: 127.0.0.1, server: 0.0.0.0:8080
2019/05/17 14:08:01 [info] 36705#0: *3 kevent() reported that client 127.0.0.1 closed keepalive connection
2019/05/17 14:24:00 [info] 36705#0: *4 client closed connection while waiting for request, client: 127.0.0.1, server: 0.0.0.0:8080
2019/05/17 14:24:19 [info] 36705#0: *5 client closed connection while waiting for request, client: 127.0.0.1, server: 0.0.0.0:8080
2019/05/17 14:24:41 [info] 36705#0: *6 client closed connection while waiting for request, client: 127.0.0.1, server: 0.0.0.0:8080
2019/05/20 15:08:34 [info] 42193#0: *1 client closed connection while waiting for request, client: 192.168.1.196, server: 0.0.0.0:8080
2019/06/08 23:39:45 [error] 167#0: *2 open() "/usr/local/Cellar/nginx/1.15.11/html/robots.txt" failed (2: No such file or directory), client: 127.0.0.1, server: localhost, request: "GET /robots.txt HTTP/1.1", host: "127.0.0.1:8080"
2019/06/08 23:39:46 [error] 167#0: *2 open() "/usr/local/Cellar/nginx/1.15.11/html/favicon.ico" failed (2: No such file or directory), client: 127.0.0.1, server: localhost, request: "GET /favicon.ico HTTP/1.1", host: "127.0.0.1:8080", referrer: "http://127.0.0.1:8080/"
2019/06/14 10:30:44 [info] 167#0: *3 client closed connection while waiting for request, client: 127.0.0.1, server: 0.0.0.0:8080
2019/07/19 14:34:27 [error] 167#0: *5 open() "/usr/local/Cellar/nginx/1.15.11/html/robots.txt" failed (2: No such file or directory), client: 127.0.0.1, server: localhost, request: "GET /robots.txt HTTP/1.1", host: "localhost:8080"
2019/07/19 14:34:28 [error] 167#0: *5 open() "/usr/local/Cellar/nginx/1.15.11/html/favicon.ico" failed (2: No such file or directory), client: 127.0.0.1, server: localhost, request: "GET /favicon.ico HTTP/1.1", host: "localhost:8080", referrer: "http://localhost:8080/"
2019/11/27 10:35:03 [info] 254#0: *1 kevent() reported that client 192.168.1.29 closed keepalive connection
2019/11/27 10:35:03 [error] 254#0: *2 "/usr/local/Cellar/nginx/1.17.3_1/html/HNAP1/index.html" is not found (2: No such file or directory), client: 192.168.1.29, server: localhost, request: "GET /HNAP1/ HTTP/1.1", host: "192.168.1.110"
2019/12/03 14:24:14 [info] 258#0: *1 kevent() reported that client 192.168.1.27 closed keepalive connection
2019/12/03 14:24:14 [error] 258#0: *2 "/usr/local/Cellar/nginx/1.17.3_1/html/HNAP1/index.html" is not found (2: No such file or directory), client: 192.168.1.27, server: localhost, request: "GET /HNAP1/ HTTP/1.1", host: "192.168.1.110"
2019/12/12 08:52:54 [info] 236#0: *1 kevent() reported that client 192.168.1.22 closed keepalive connection
2019/12/12 08:52:54 [error] 236#0: *2 "/usr/local/Cellar/nginx/1.17.3_1/html/HNAP1/index.html" is not found (2: No such file or directory), client: 192.168.1.22, server: localhost, request: "GET /HNAP1/ HTTP/1.1", host: "192.168.1.110"
2019/12/25 12:00:15 [info] 251#0: *1 kevent() reported that client 192.168.1.161 closed keepalive connection
2019/12/25 12:00:15 [error] 251#0: *2 "/usr/local/Cellar/nginx/1.17.3_1/html/HNAP1/index.html" is not found (2: No such file or directory), client: 192.168.1.161, server: localhost, request: "GET /HNAP1/ HTTP/1.1", host: "192.168.1.110"
2019/12/31 09:20:43 [info] 251#0: *3 kevent() reported that client 192.168.1.231 closed keepalive connection
2019/12/31 09:20:43 [error] 251#0: *4 "/usr/local/Cellar/nginx/1.17.3_1/html/HNAP1/index.html" is not found (2: No such file or directory), client: 192.168.1.231, server: localhost, request: "GET /HNAP1/ HTTP/1.1", host: "192.168.1.110"
2020/01/09 17:28:59 [info] 266#0: *1 kevent() reported that client 192.168.1.229 closed keepalive connection
2020/01/09 17:28:59 [error] 266#0: *2 "/usr/local/Cellar/nginx/1.17.3_1/html/HNAP1/index.html" is not found (2: No such file or directory), client: 192.168.1.229, server: localhost, request: "GET /HNAP1/ HTTP/1.1", host: "192.168.1.110"
2020/01/21 08:37:05 [info] 271#0: *1 kevent() reported that client 192.168.1.230 closed keepalive connection
2020/01/21 08:37:05 [error] 271#0: *2 "/usr/local/Cellar/nginx/1.17.3_1/html/HNAP1/index.html" is not found (2: No such file or directory), client: 192.168.1.230, server: localhost, request: "GET /HNAP1/ HTTP/1.1", host: "192.168.1.110"
2020/02/06 09:52:04 [info] 260#0: *1 kevent() reported that client 192.168.1.25 closed keepalive connection
2020/02/06 09:52:05 [error] 260#0: *2 "/usr/local/Cellar/nginx/1.17.3_1/html/HNAP1/index.html" is not found (2: No such file or directory), client: 192.168.1.25, server: localhost, request: "GET /HNAP1/ HTTP/1.1", host: "192.168.1.110"
2020/02/12 08:33:02 [info] 260#0: *3 kevent() reported that client 192.168.1.233 closed keepalive connection
2020/02/12 08:33:02 [error] 260#0: *4 "/usr/local/Cellar/nginx/1.17.3_1/html/HNAP1/index.html" is not found (2: No such file or directory), client: 192.168.1.233, server: localhost, request: "GET /HNAP1/ HTTP/1.1", host: "192.168.1.110"
2020/02/13 10:35:58 [info] 260#0: *5 kevent() reported that client 192.168.1.238 closed keepalive connection
2020/02/13 10:35:58 [error] 260#0: *6 "/usr/local/Cellar/nginx/1.17.3_1/html/HNAP1/index.html" is not found (2: No such file or directory), client: 192.168.1.238, server: localhost, request: "GET /HNAP1/ HTTP/1.1", host: "192.168.1.110"
2020/02/19 08:41:49 [info] 260#0: *7 kevent() reported that client 192.168.1.229 closed keepalive connection
2020/02/19 08:41:49 [error] 260#0: *8 "/usr/local/Cellar/nginx/1.17.3_1/html/HNAP1/index.html" is not found (2: No such file or directory), client: 192.168.1.229, server: localhost, request: "GET /HNAP1/ HTTP/1.1", host: "192.168.1.110"
2020/02/20 13:16:01 [info] 260#0: *9 kevent() reported that client 192.168.1.241 closed keepalive connection
2020/02/20 13:16:01 [error] 260#0: *10 "/usr/local/Cellar/nginx/1.17.3_1/html/HNAP1/index.html" is not found (2: No such file or directory), client: 192.168.1.241, server: localhost, request: "GET /HNAP1/ HTTP/1.1", host: "192.168.1.110"
2020/02/25 10:33:38 [info] 260#0: *11 kevent() reported that client 192.168.1.107 closed keepalive connection
2020/02/25 10:33:38 [error] 260#0: *12 "/usr/local/Cellar/nginx/1.17.3_1/html/HNAP1/index.html" is not found (2: No such file or directory), client: 192.168.1.107, server: localhost, request: "GET /HNAP1/ HTTP/1.1", host: "192.168.1.110"
2020/02/28 08:23:59 [info] 273#0: *1 kevent() reported that client 192.168.1.201 closed keepalive connection
2020/02/28 08:23:59 [error] 273#0: *2 "/usr/local/Cellar/nginx/1.17.3_1/html/HNAP1/index.html" is not found (2: No such file or directory), client: 192.168.1.201, server: localhost, request: "GET /HNAP1/ HTTP/1.1", host: "192.168.1.110"
2020/03/04 11:08:30 [info] 273#0: *3 kevent() reported that client 192.168.1.241 closed keepalive connection
2020/03/04 11:08:31 [error] 273#0: *4 "/usr/local/Cellar/nginx/1.17.3_1/html/HNAP1/index.html" is not found (2: No such file or directory), client: 192.168.1.241, server: localhost, request: "GET /HNAP1/ HTTP/1.1", host: "192.168.1.110"
2020/03/10 13:47:46 [info] 273#0: *5 kevent() reported that client 192.168.1.231 closed keepalive connection
2020/03/10 13:47:46 [error] 273#0: *6 "/usr/local/Cellar/nginx/1.17.3_1/html/HNAP1/index.html" is not found (2: No such file or directory), client: 192.168.1.231, server: localhost, request: "GET /HNAP1/ HTTP/1.1", host: "192.168.1.110"
2020/03/24 09:13:50 [info] 273#0: *7 kevent() reported that client 192.168.1.238 closed keepalive connection
2020/03/24 09:13:50 [error] 273#0: *8 "/usr/local/Cellar/nginx/1.17.3_1/html/HNAP1/index.html" is not found (2: No such file or directory), client: 192.168.1.238, server: localhost, request: "GET /HNAP1/ HTTP/1.1", host: "192.168.1.110"
2020/03/25 14:23:41 [info] 273#0: *9 kevent() reported that client 192.168.1.142 closed keepalive connection
2020/03/25 14:23:41 [error] 273#0: *10 "/usr/local/Cellar/nginx/1.17.3_1/html/HNAP1/index.html" is not found (2: No such file or directory), client: 192.168.1.142, server: localhost, request: "GET /HNAP1/ HTTP/1.1", host: "192.168.1.110"
2020/03/25 14:24:14 [info] 273#0: *11 kevent() reported that client 192.168.1.142 closed keepalive connection
2020/03/25 14:24:14 [error] 273#0: *12 "/usr/local/Cellar/nginx/1.17.3_1/html/HNAP1/index.html" is not found (2: No such file or directory), client: 192.168.1.142, server: localhost, request: "GET /HNAP1/ HTTP/1.1", host: "192.168.1.110"
2020/04/29 14:19:47 [info] 272#0: *1 kevent() reported that client 192.168.1.25 closed keepalive connection
2020/04/29 14:19:47 [error] 272#0: *2 "/usr/local/Cellar/nginx/1.17.3_1/html/HNAP1/index.html" is not found (2: No such file or directory), client: 192.168.1.25, server: localhost, request: "GET /HNAP1/ HTTP/1.1", host: "192.168.1.110"
2020/05/25 14:42:26 [error] 272#0: *3 "/usr/local/Cellar/nginx/1.17.3_1/html/index.html" is not found (2: No such file or directory), client: 127.0.0.1, server: localhost, request: "GET / HTTP/1.1", host: "localhost:8080"
2020/05/25 14:42:27 [error] 272#0: *3 open() "/usr/local/Cellar/nginx/1.17.3_1/html/favicon.ico" failed (2: No such file or directory), client: 127.0.0.1, server: localhost, request: "GET /favicon.ico HTTP/1.1", host: "localhost:8080", referrer: "http://localhost:8080/"
2020/05/25 14:42:45 [info] 272#0: *4 client closed connection while waiting for request, client: 127.0.0.1, server: 0.0.0.0:8080
2020/06/10 09:00:19 [error] 272#0: *5 "/usr/local/Cellar/nginx/1.17.3_1/html/index.html" is not found (2: No such file or directory), client: 192.168.1.26, server: localhost, request: "GET / HTTP/1.1", host: "192.168.1.110:8080"
2020/06/10 09:00:19 [info] 272#0: *5 kevent() reported that client 192.168.1.26 closed keepalive connection
2020/06/10 09:00:20 [error] 272#0: *6 "/usr/local/Cellar/nginx/1.17.3_1/html/HNAP1/index.html" is not found (2: No such file or directory), client: 192.168.1.26, server: localhost, request: "GET /HNAP1/ HTTP/1.1", host: "192.168.1.110"
2020/06/11 14:28:44 [error] 272#0: *7 "/usr/local/Cellar/nginx/1.17.3_1/html/index.html" is not found (2: No such file or directory), client: 192.168.1.26, server: localhost, request: "GET / HTTP/1.1", host: "192.168.1.110:8080"
2020/06/11 14:28:44 [info] 272#0: *7 kevent() reported that client 192.168.1.26 closed keepalive connection
2020/06/11 14:28:44 [error] 272#0: *8 "/usr/local/Cellar/nginx/1.17.3_1/html/HNAP1/index.html" is not found (2: No such file or directory), client: 192.168.1.26, server: localhost, request: "GET /HNAP1/ HTTP/1.1", host: "192.168.1.110"
2020/07/01 08:38:52 [error] 272#0: *9 "/usr/local/Cellar/nginx/1.17.3_1/html/index.html" is not found (2: No such file or directory), client: 192.168.1.26, server: localhost, request: "GET / HTTP/1.1", host: "192.168.1.110:8080"
2020/07/01 08:38:52 [info] 272#0: *9 kevent() reported that client 192.168.1.26 closed keepalive connection
2020/07/01 08:38:52 [error] 272#0: *10 "/usr/local/Cellar/nginx/1.17.3_1/html/HNAP1/index.html" is not found (2: No such file or directory), client: 192.168.1.26, server: localhost, request: "GET /HNAP1/ HTTP/1.1", host: "192.168.1.110"
2020/08/04 15:17:23 [error] 272#0: *11 "/usr/local/Cellar/nginx/1.17.3_1/html/index.html" is not found (2: No such file or directory), client: 192.168.1.26, server: localhost, request: "GET / HTTP/1.1", host: "192.168.1.110:8080"
2020/08/04 15:17:23 [info] 272#0: *11 kevent() reported that client 192.168.1.26 closed keepalive connection
2020/08/04 15:17:23 [error] 272#0: *12 "/usr/local/Cellar/nginx/1.17.3_1/html/HNAP1/index.html" is not found (2: No such file or directory), client: 192.168.1.26, server: localhost, request: "GET /HNAP1/ HTTP/1.1", host: "192.168.1.110"
2020/08/17 23:06:38 [error] 343#0: *1 "/usr/local/Cellar/nginx/1.17.10/html/version/index.html" is not found (2: No such file or directory), client: 127.0.0.1, server: localhost, request: "GET /version/?timeout=32s HTTP/1.1", host: "localhost:8080", referrer: "http://localhost:8080/version?timeout=32s"
2020/08/17 23:06:38 [info] 343#0: *1 kevent() reported that client 127.0.0.1 closed keepalive connection
2020/08/26 00:33:02 [info] 343#0: *3 client timed out (60: Operation timed out) while waiting for request, client: 127.0.0.1, server: 0.0.0.0:8080
2020/08/26 13:33:48 [info] 343#0: *4 kevent() reported that client 192.168.1.26 closed keepalive connection
2020/08/26 13:33:48 [error] 343#0: *5 "/usr/local/Cellar/nginx/1.17.10/html/HNAP1/index.html" is not found (2: No such file or directory), client: 192.168.1.26, server: localhost, request: "GET /HNAP1/ HTTP/1.1", host: "192.168.1.110"
2020/08/27 08:35:47 [info] 343#0: *6 client timed out (60: Operation timed out) while waiting for request, client: 127.0.0.1, server: 0.0.0.0:8080
2020/08/27 08:35:47 [info] 343#0: *7 client timed out (60: Operation timed out) while waiting for request, client: 127.0.0.1, server: 0.0.0.0:8080
2020/08/27 08:41:33 [error] 343#0: *8 open() "/usr/local/Cellar/nginx/1.17.10/html/favicon.ico" failed (2: No such file or directory), client: 127.0.0.1, server: localhost, request: "GET /favicon.ico HTTP/1.1", host: "0.0.0.0:8080", referrer: "http://0.0.0.0:8080/"
2020/08/27 08:42:31 [info] 343#0: *9 client timed out (60: Operation timed out) while waiting for request, client: 127.0.0.1, server: 0.0.0.0:8080
2020/08/29 13:23:15 [info] 343#0: *10 client timed out (60: Operation timed out) while waiting for request, client: 127.0.0.1, server: 0.0.0.0:8080
2020/09/11 15:37:09 [info] 267#0: *1 kevent() reported that client 192.168.1.26 closed keepalive connection
2020/09/11 15:37:09 [info] 267#0: *2 kevent() reported that client 192.168.1.26 closed keepalive connection
2020/09/11 15:37:09 [error] 267#0: *3 "/usr/local/Cellar/nginx/1.17.10/html/HNAP1/index.html" is not found (2: No such file or directory), client: 192.168.1.26, server: localhost, request: "GET /HNAP1/ HTTP/1.1", host: "192.168.1.110"
2020/09/22 00:52:06 [error] 267#0: *1 open() "/usr/local/Cellar/nginx/1.17.10/html/favicon.ico" failed (2: No such file or directory), client: 127.0.0.1, server: localhost, request: "GET /favicon.ico HTTP/1.1", host: "localhost:8080", referrer: "http://localhost:8080/"
2020/09/22 00:53:05 [info] 267#0: *2 client timed out (60: Operation timed out) while waiting for request, client: 127.0.0.1, server: 0.0.0.0:8080
2020/09/23 00:06:57 [info] 267#0: *3 client timed out (60: Operation timed out) while waiting for request, client: 127.0.0.1, server: 0.0.0.0:8080
2020/10/07 01:49:39 [error] 267#0: *4 "/usr/local/Cellar/nginx/1.17.10/html/openapi/v2/index.html" is not found (2: No such file or directory), client: 127.0.0.1, server: localhost, request: "GET /openapi/v2/?timeout=32s HTTP/1.1", host: "localhost:8080", referrer: "http://localhost:8080/openapi/v2?timeout=32s"
2020/10/07 01:49:39 [error] 267#0: *4 open() "/usr/local/Cellar/nginx/1.17.10/html/swagger-2.0.0.pb-v1" failed (2: No such file or directory), client: 127.0.0.1, server: localhost, request: "GET /swagger-2.0.0.pb-v1?timeout=32s HTTP/1.1", host: "localhost:8080"
2020/10/07 01:49:39 [info] 267#0: *4 kevent() reported that client 127.0.0.1 closed keepalive connection
2020/10/07 11:50:05 [error] 267#0: *5 "/usr/local/Cellar/nginx/1.17.10/html/api/index.html" is not found (2: No such file or directory), client: 127.0.0.1, server: localhost, request: "GET /api/?timeout=32s HTTP/1.1", host: "localhost:8080", referrer: "http://localhost:8080/api?timeout=32s"
2020/10/07 11:50:05 [error] 267#0: *5 "/usr/local/Cellar/nginx/1.17.10/html/apis/index.html" is not found (2: No such file or directory), client: 127.0.0.1, server: localhost, request: "GET /apis/?timeout=32s HTTP/1.1", host: "localhost:8080", referrer: "http://localhost:8080/apis?timeout=32s"
2020/10/07 11:50:05 [error] 267#0: *5 "/usr/local/Cellar/nginx/1.17.10/html/api/index.html" is not found (2: No such file or directory), client: 127.0.0.1, server: localhost, request: "GET /api/?timeout=32s HTTP/1.1", host: "localhost:8080", referrer: "http://localhost:8080/api?timeout=32s"
2020/10/07 11:50:05 [error] 267#0: *5 "/usr/local/Cellar/nginx/1.17.10/html/apis/index.html" is not found (2: No such file or directory), client: 127.0.0.1, server: localhost, request: "GET /apis/?timeout=32s HTTP/1.1", host: "localhost:8080", referrer: "http://localhost:8080/apis?timeout=32s"
2020/10/07 11:50:05 [error] 267#0: *5 "/usr/local/Cellar/nginx/1.17.10/html/api/index.html" is not found (2: No such file or directory), client: 127.0.0.1, server: localhost, request: "GET /api/?timeout=32s HTTP/1.1", host: "localhost:8080", referrer: "http://localhost:8080/api?timeout=32s"
2020/10/07 11:50:05 [error] 267#0: *5 "/usr/local/Cellar/nginx/1.17.10/html/apis/index.html" is not found (2: No such file or directory), client: 127.0.0.1, server: localhost, request: "GET /apis/?timeout=32s HTTP/1.1", host: "localhost:8080", referrer: "http://localhost:8080/apis?timeout=32s"
2020/10/07 11:50:05 [info] 267#0: *5 kevent() reported that client 127.0.0.1 closed keepalive connection
2020/10/07 11:50:09 [error] 267#0: *6 "/usr/local/Cellar/nginx/1.17.10/html/api/index.html" is not found (2: No such file or directory), client: 127.0.0.1, server: localhost, request: "GET /api/?timeout=32s HTTP/1.1", host: "localhost:8080", referrer: "http://localhost:8080/api?timeout=32s"
2020/10/07 11:50:09 [error] 267#0: *6 "/usr/local/Cellar/nginx/1.17.10/html/apis/index.html" is not found (2: No such file or directory), client: 127.0.0.1, server: localhost, request: "GET /apis/?timeout=32s HTTP/1.1", host: "localhost:8080", referrer: "http://localhost:8080/apis?timeout=32s"
2020/10/07 11:50:09 [error] 267#0: *6 "/usr/local/Cellar/nginx/1.17.10/html/api/index.html" is not found (2: No such file or directory), client: 127.0.0.1, server: localhost, request: "GET /api/?timeout=32s HTTP/1.1", host: "localhost:8080", referrer: "http://localhost:8080/api?timeout=32s"
2020/10/07 11:50:09 [error] 267#0: *6 "/usr/local/Cellar/nginx/1.17.10/html/apis/index.html" is not found (2: No such file or directory), client: 127.0.0.1, server: localhost, request: "GET /apis/?timeout=32s HTTP/1.1", host: "localhost:8080", referrer: "http://localhost:8080/apis?timeout=32s"
2020/10/07 11:50:09 [error] 267#0: *6 "/usr/local/Cellar/nginx/1.17.10/html/api/index.html" is not found (2: No such file or directory), client: 127.0.0.1, server: localhost, request: "GET /api/?timeout=32s HTTP/1.1", host: "localhost:8080", referrer: "http://localhost:8080/api?timeout=32s"
2020/10/07 11:50:09 [error] 267#0: *6 "/usr/local/Cellar/nginx/1.17.10/html/apis/index.html" is not found (2: No such file or directory), client: 127.0.0.1, server: localhost, request: "GET /apis/?timeout=32s HTTP/1.1", host: "localhost:8080", referrer: "http://localhost:8080/apis?timeout=32s"
2020/10/07 11:50:09 [info] 267#0: *6 kevent() reported that client 127.0.0.1 closed keepalive connection
2020/10/07 11:50:10 [error] 267#0: *7 "/usr/local/Cellar/nginx/1.17.10/html/api/index.html" is not found (2: No such file or directory), client: 127.0.0.1, server: localhost, request: "GET /api/?timeout=32s HTTP/1.1", host: "localhost:8080", referrer: "http://localhost:8080/api?timeout=32s"
2020/10/07 11:50:10 [error] 267#0: *7 "/usr/local/Cellar/nginx/1.17.10/html/apis/index.html" is not found (2: No such file or directory), client: 127.0.0.1, server: localhost, request: "GET /apis/?timeout=32s HTTP/1.1", host: "localhost:8080", referrer: "http://localhost:8080/apis?timeout=32s"
2020/10/07 11:50:10 [error] 267#0: *7 "/usr/local/Cellar/nginx/1.17.10/html/api/index.html" is not found (2: No such file or directory), client: 127.0.0.1, server: localhost, request: "GET /api/?timeout=32s HTTP/1.1", host: "localhost:8080", referrer: "http://localhost:8080/api?timeout=32s"
2020/10/07 11:50:10 [error] 267#0: *7 "/usr/local/Cellar/nginx/1.17.10/html/apis/index.html" is not found (2: No such file or directory), client: 127.0.0.1, server: localhost, request: "GET /apis/?timeout=32s HTTP/1.1", host: "localhost:8080", referrer: "http://localhost:8080/apis?timeout=32s"
2020/10/07 11:50:10 [error] 267#0: *7 "/usr/local/Cellar/nginx/1.17.10/html/api/index.html" is not found (2: No such file or directory), client: 127.0.0.1, server: localhost, request: "GET /api/?timeout=32s HTTP/1.1", host: "localhost:8080", referrer: "http://localhost:8080/api?timeout=32s"
2020/10/07 11:50:10 [error] 267#0: *7 "/usr/local/Cellar/nginx/1.17.10/html/apis/index.html" is not found (2: No such file or directory), client: 127.0.0.1, server: localhost, request: "GET /apis/?timeout=32s HTTP/1.1", host: "localhost:8080", referrer: "http://localhost:8080/apis?timeout=32s"
2020/10/07 11:50:10 [info] 267#0: *7 kevent() reported that client 127.0.0.1 closed keepalive connection
2020/10/07 14:46:02 [info] 267#0: *9 client timed out (60: Operation timed out) while waiting for request, client: 127.0.0.1, server: 0.0.0.0:8080
2020/10/07 15:12:16 [error] 267#0: *10 open() "/usr/local/Cellar/nginx/1.17.10/html/favicon.ico" failed (2: No such file or directory), client: 127.0.0.1, server: localhost, request: "GET /favicon.ico HTTP/1.1", host: "127.0.0.1:8080", referrer: "http://127.0.0.1:8080/"
2020/10/07 15:13:15 [info] 267#0: *11 client timed out (60: Operation timed out) while waiting for request, client: 127.0.0.1, server: 0.0.0.0:8080
2020/10/09 13:16:10 [info] 293#0: *1 kevent() reported that client 192.168.1.26 closed keepalive connection
2020/10/09 13:16:10 [info] 293#0: *2 kevent() reported that client 192.168.1.26 closed keepalive connection
2020/10/09 13:16:10 [error] 293#0: *3 "/usr/local/Cellar/nginx/1.17.10/html/HNAP1/index.html" is not found (2: No such file or directory), client: 192.168.1.26, server: localhost, request: "GET /HNAP1/ HTTP/1.1", host: "192.168.1.110"
2020/10/15 17:14:05 [error] 293#0: *4 open() "/usr/local/Cellar/nginx/1.17.10/html/favicon.ico" failed (2: No such file or directory), client: 127.0.0.1, server: localhost, request: "GET /favicon.ico HTTP/1.1", host: "localhost:8080", referrer: "http://localhost:8080/"
2020/10/15 17:15:03 [info] 293#0: *5 client timed out (60: Operation timed out) while waiting for request, client: 127.0.0.1, server: 0.0.0.0:8080
2020/10/28 09:39:23 [info] 293#0: *6 client timed out (60: Operation timed out) while waiting for request, client: 127.0.0.1, server: 0.0.0.0:8080
2020/10/28 09:39:24 [info] 293#0: *7 client timed out (60: Operation timed out) while waiting for request, client: 127.0.0.1, server: 0.0.0.0:8080
2020/11/09 21:06:54 [error] 320#0: *1 open() "/usr/local/Cellar/nginx/1.19.4/html/_next/webpack-hmr" failed (2: No such file or directory), client: 127.0.0.1, server: localhost, request: "GET /_next/webpack-hmr?page=/login HTTP/1.1", host: "localhost:8000", referrer: "http://localhost:8000/login"
2020/11/09 21:06:59 [error] 320#0: *1 open() "/usr/local/Cellar/nginx/1.19.4/html/_next/webpack-hmr" failed (2: No such file or directory), client: 127.0.0.1, server: localhost, request: "GET /_next/webpack-hmr?page=/login HTTP/1.1", host: "localhost:8000", referrer: "http://localhost:8000/login"
2020/11/09 21:07:04 [error] 320#0: *1 open() "/usr/local/Cellar/nginx/1.19.4/html/_next/webpack-hmr" failed (2: No such file or directory), client: 127.0.0.1, server: localhost, request: "GET /_next/webpack-hmr?page=/login HTTP/1.1", host: "localhost:8000", referrer: "http://localhost:8000/login"
2020/11/09 21:07:09 [error] 320#0: *1 open() "/usr/local/Cellar/nginx/1.19.4/html/_next/webpack-hmr" failed (2: No such file or directory), client: 127.0.0.1, server: localhost, request: "GET /_next/webpack-hmr?page=/login HTTP/1.1", host: "localhost:8000", referrer: "http://localhost:8000/login"
2020/11/09 21:07:14 [error] 320#0: *1 open() "/usr/local/Cellar/nginx/1.19.4/html/_next/webpack-hmr" failed (2: No such file or directory), client: 127.0.0.1, server: localhost, request: "GET /_next/webpack-hmr?page=/login HTTP/1.1", host: "localhost:8000", referrer: "http://localhost:8000/login"
2020/11/09 21:07:19 [error] 320#0: *1 open() "/usr/local/Cellar/nginx/1.19.4/html/_next/webpack-hmr" failed (2: No such file or directory), client: 127.0.0.1, server: localhost, request: "GET /_next/webpack-hmr?page=/login HTTP/1.1", host: "localhost:8000", referrer: "http://localhost:8000/login"
2020/11/09 21:07:24 [error] 320#0: *1 open() "/usr/local/Cellar/nginx/1.19.4/html/_next/webpack-hmr" failed (2: No such file or directory), client: 127.0.0.1, server: localhost, request: "GET /_next/webpack-hmr?page=/login HTTP/1.1", host: "localhost:8000", referrer: "http://localhost:8000/login"
2020/11/09 21:07:29 [error] 320#0: *1 open() "/usr/local/Cellar/nginx/1.19.4/html/_next/webpack-hmr" failed (2: No such file or directory), client: 127.0.0.1, server: localhost, request: "GET /_next/webpack-hmr?page=/login HTTP/1.1", host: "localhost:8000", referrer: "http://localhost:8000/login"
2020/11/09 21:07:34 [error] 320#0: *1 open() "/usr/local/Cellar/nginx/1.19.4/html/_next/webpack-hmr" failed (2: No such file or directory), client: 127.0.0.1, server: localhost, request: "GET /_next/webpack-hmr?page=/login HTTP/1.1", host: "localhost:8000", referrer: "http://localhost:8000/login"
2020/11/09 21:07:39 [error] 320#0: *1 open() "/usr/local/Cellar/nginx/1.19.4/html/_next/webpack-hmr" failed (2: No such file or directory), client: 127.0.0.1, server: localhost, request: "GET /_next/webpack-hmr?page=/login HTTP/1.1", host: "localhost:8000", referrer: "http://localhost:8000/login"
2020/11/09 21:07:44 [error] 320#0: *1 open() "/usr/local/Cellar/nginx/1.19.4/html/_next/webpack-hmr" failed (2: No such file or directory), client: 127.0.0.1, server: localhost, request: "GET /_next/webpack-hmr?page=/login HTTP/1.1", host: "localhost:8000", referrer: "http://localhost:8000/login"
2020/11/09 21:07:49 [error] 320#0: *1 open() "/usr/local/Cellar/nginx/1.19.4/html/_next/webpack-hmr" failed (2: No such file or directory), client: 127.0.0.1, server: localhost, request: "GET /_next/webpack-hmr?page=/login HTTP/1.1", host: "localhost:8000", referrer: "http://localhost:8000/login"
2020/11/09 21:07:54 [error] 320#0: *1 open() "/usr/local/Cellar/nginx/1.19.4/html/_next/webpack-hmr" failed (2: No such file or directory), client: 127.0.0.1, server: localhost, request: "GET /_next/webpack-hmr?page=/login HTTP/1.1", host: "localhost:8000", referrer: "http://localhost:8000/login"
2020/11/09 21:07:59 [error] 320#0: *1 open() "/usr/local/Cellar/nginx/1.19.4/html/_next/webpack-hmr" failed (2: No such file or directory), client: 127.0.0.1, server: localhost, request: "GET /_next/webpack-hmr?page=/login HTTP/1.1", host: "localhost:8000", referrer: "http://localhost:8000/login"
2020/11/09 21:08:05 [error] 320#0: *1 open() "/usr/local/Cellar/nginx/1.19.4/html/_next/webpack-hmr" failed (2: No such file or directory), client: 127.0.0.1, server: localhost, request: "GET /_next/webpack-hmr?page=/login HTTP/1.1", host: "localhost:8000", referrer: "http://localhost:8000/login"
2020/11/09 21:08:10 [error] 320#0: *1 open() "/usr/local/Cellar/nginx/1.19.4/html/_next/webpack-hmr" failed (2: No such file or directory), client: 127.0.0.1, server: localhost, request: "GET /_next/webpack-hmr?page=/login HTTP/1.1", host: "localhost:8000", referrer: "http://localhost:8000/login"
2020/11/09 21:08:15 [error] 320#0: *1 open() "/usr/local/Cellar/nginx/1.19.4/html/_next/webpack-hmr" failed (2: No such file or directory), client: 127.0.0.1, server: localhost, request: "GET /_next/webpack-hmr?page=/login HTTP/1.1", host: "localhost:8000", referrer: "http://localhost:8000/login"
2020/11/09 21:08:20 [error] 320#0: *1 open() "/usr/local/Cellar/nginx/1.19.4/html/_next/webpack-hmr" failed (2: No such file or directory), client: 127.0.0.1, server: localhost, request: "GET /_next/webpack-hmr?page=/login HTTP/1.1", host: "localhost:8000", referrer: "http://localhost:8000/login"
2020/11/09 21:08:25 [error] 320#0: *1 open() "/usr/local/Cellar/nginx/1.19.4/html/_next/webpack-hmr" failed (2: No such file or directory), client: 127.0.0.1, server: localhost, request: "GET /_next/webpack-hmr?page=/login HTTP/1.1", host: "localhost:8000", referrer: "http://localhost:8000/login"
2020/11/09 21:08:30 [error] 320#0: *1 open() "/usr/local/Cellar/nginx/1.19.4/html/_next/webpack-hmr" failed (2: No such file or directory), client: 127.0.0.1, server: localhost, request: "GET /_next/webpack-hmr?page=/login HTTP/1.1", host: "localhost:8000", referrer: "http://localhost:8000/login"
2020/11/09 21:08:35 [error] 320#0: *1 open() "/usr/local/Cellar/nginx/1.19.4/html/_next/webpack-hmr" failed (2: No such file or directory), client: 127.0.0.1, server: localhost, request: "GET /_next/webpack-hmr?page=/login HTTP/1.1", host: "localhost:8000", referrer: "http://localhost:8000/login"
2020/11/09 21:08:40 [error] 320#0: *1 open() "/usr/local/Cellar/nginx/1.19.4/html/_next/webpack-hmr" failed (2: No such file or directory), client: 127.0.0.1, server: localhost, request: "GET /_next/webpack-hmr?page=/login HTTP/1.1", host: "localhost:8000", referrer: "http://localhost:8000/login"
2020/11/09 21:08:45 [error] 320#0: *1 open() "/usr/local/Cellar/nginx/1.19.4/html/_next/webpack-hmr" failed (2: No such file or directory), client: 127.0.0.1, server: localhost, request: "GET /_next/webpack-hmr?page=/login HTTP/1.1", host: "localhost:8000", referrer: "http://localhost:8000/login"
2020/11/09 21:08:50 [error] 320#0: *1 open() "/usr/local/Cellar/nginx/1.19.4/html/_next/webpack-hmr" failed (2: No such file or directory), client: 127.0.0.1, server: localhost, request: "GET /_next/webpack-hmr?page=/login HTTP/1.1", host: "localhost:8000", referrer: "http://localhost:8000/login"
2020/11/09 21:08:55 [error] 320#0: *1 open() "/usr/local/Cellar/nginx/1.19.4/html/_next/webpack-hmr" failed (2: No such file or directory), client: 127.0.0.1, server: localhost, request: "GET /_next/webpack-hmr?page=/login HTTP/1.1", host: "localhost:8000", referrer: "http://localhost:8000/login"
2020/11/09 21:09:00 [error] 320#0: *1 open() "/usr/local/Cellar/nginx/1.19.4/html/_next/webpack-hmr" failed (2: No such file or directory), client: 127.0.0.1, server: localhost, request: "GET /_next/webpack-hmr?page=/login HTTP/1.1", host: "localhost:8000", referrer: "http://localhost:8000/login"
2020/11/09 21:09:05 [error] 320#0: *1 open() "/usr/local/Cellar/nginx/1.19.4/html/_next/webpack-hmr" failed (2: No such file or directory), client: 127.0.0.1, server: localhost, request: "GET /_next/webpack-hmr?page=/login HTTP/1.1", host: "localhost:8000", referrer: "http://localhost:8000/login"
2020/11/09 21:09:10 [error] 320#0: *1 open() "/usr/local/Cellar/nginx/1.19.4/html/_next/webpack-hmr" failed (2: No such file or directory), client: 127.0.0.1, server: localhost, request: "GET /_next/webpack-hmr?page=/login HTTP/1.1", host: "localhost:8000", referrer: "http://localhost:8000/login"
2020/11/09 21:09:15 [error] 320#0: *1 open() "/usr/local/Cellar/nginx/1.19.4/html/_next/webpack-hmr" failed (2: No such file or directory), client: 127.0.0.1, server: localhost, request: "GET /_next/webpack-hmr?page=/login HTTP/1.1", host: "localhost:8000", referrer: "http://localhost:8000/login"
2020/11/09 21:09:20 [error] 320#0: *1 open() "/usr/local/Cellar/nginx/1.19.4/html/_next/webpack-hmr" failed (2: No such file or directory), client: 127.0.0.1, server: localhost, request: "GET /_next/webpack-hmr?page=/login HTTP/1.1", host: "localhost:8000", referrer: "http://localhost:8000/login"
2020/11/09 21:09:25 [error] 320#0: *1 open() "/usr/local/Cellar/nginx/1.19.4/html/_next/webpack-hmr" failed (2: No such file or directory), client: 127.0.0.1, server: localhost, request: "GET /_next/webpack-hmr?page=/login HTTP/1.1", host: "localhost:8000", referrer: "http://localhost:8000/login"
2020/11/09 21:09:30 [error] 320#0: *1 open() "/usr/local/Cellar/nginx/1.19.4/html/_next/webpack-hmr" failed (2: No such file or directory), client: 127.0.0.1, server: localhost, request: "GET /_next/webpack-hmr?page=/login HTTP/1.1", host: "localhost:8000", referrer: "http://localhost:8000/login"
2020/11/09 21:09:35 [error] 320#0: *1 open() "/usr/local/Cellar/nginx/1.19.4/html/_next/webpack-hmr" failed (2: No such file or directory), client: 127.0.0.1, server: localhost, request: "GET /_next/webpack-hmr?page=/login HTTP/1.1", host: "localhost:8000", referrer: "http://localhost:8000/login"
2020/11/09 21:09:40 [error] 320#0: *1 open() "/usr/local/Cellar/nginx/1.19.4/html/_next/webpack-hmr" failed (2: No such file or directory), client: 127.0.0.1, server: localhost, request: "GET /_next/webpack-hmr?page=/login HTTP/1.1", host: "localhost:8000", referrer: "http://localhost:8000/login"
2020/11/09 21:09:45 [error] 320#0: *1 open() "/usr/local/Cellar/nginx/1.19.4/html/_next/webpack-hmr" failed (2: No such file or directory), client: 127.0.0.1, server: localhost, request: "GET /_next/webpack-hmr?page=/login HTTP/1.1", host: "localhost:8000", referrer: "http://localhost:8000/login"
2020/11/09 21:09:50 [error] 320#0: *1 open() "/usr/local/Cellar/nginx/1.19.4/html/_next/webpack-hmr" failed (2: No such file or directory), client: 127.0.0.1, server: localhost, request: "GET /_next/webpack-hmr?page=/login HTTP/1.1", host: "localhost:8000", referrer: "http://localhost:8000/login"
2020/11/09 21:09:55 [error] 320#0: *1 open() "/usr/local/Cellar/nginx/1.19.4/html/_next/webpack-hmr" failed (2: No such file or directory), client: 127.0.0.1, server: localhost, request: "GET /_next/webpack-hmr?page=/login HTTP/1.1", host: "localhost:8000", referrer: "http://localhost:8000/login"
2020/11/09 21:10:00 [error] 320#0: *1 open() "/usr/local/Cellar/nginx/1.19.4/html/_next/webpack-hmr" failed (2: No such file or directory), client: 127.0.0.1, server: localhost, request: "GET /_next/webpack-hmr?page=/login HTTP/1.1", host: "localhost:8000", referrer: "http://localhost:8000/login"
2020/11/09 21:10:05 [error] 320#0: *1 open() "/usr/local/Cellar/nginx/1.19.4/html/_next/webpack-hmr" failed (2: No such file or directory), client: 127.0.0.1, server: localhost, request: "GET /_next/webpack-hmr?page=/login HTTP/1.1", host: "localhost:8000", referrer: "http://localhost:8000/login"
2020/11/09 21:10:10 [error] 320#0: *1 open() "/usr/local/Cellar/nginx/1.19.4/html/_next/webpack-hmr" failed (2: No such file or directory), client: 127.0.0.1, server: localhost, request: "GET /_next/webpack-hmr?page=/login HTTP/1.1", host: "localhost:8000", referrer: "http://localhost:8000/login"
2020/11/09 21:10:15 [error] 320#0: *1 open() "/usr/local/Cellar/nginx/1.19.4/html/_next/webpack-hmr" failed (2: No such file or directory), client: 127.0.0.1, server: localhost, request: "GET /_next/webpack-hmr?page=/login HTTP/1.1", host: "localhost:8000", referrer: "http://localhost:8000/login"
2020/11/09 21:10:20 [error] 320#0: *1 open() "/usr/local/Cellar/nginx/1.19.4/html/_next/webpack-hmr" failed (2: No such file or directory), client: 127.0.0.1, server: localhost, request: "GET /_next/webpack-hmr?page=/login HTTP/1.1", host: "localhost:8000", referrer: "http://localhost:8000/login"
2020/11/09 21:10:25 [error] 320#0: *1 open() "/usr/local/Cellar/nginx/1.19.4/html/_next/webpack-hmr" failed (2: No such file or directory), client: 127.0.0.1, server: localhost, request: "GET /_next/webpack-hmr?page=/login HTTP/1.1", host: "localhost:8000", referrer: "http://localhost:8000/login"
2020/11/09 21:10:30 [error] 320#0: *1 open() "/usr/local/Cellar/nginx/1.19.4/html/_next/webpack-hmr" failed (2: No such file or directory), client: 127.0.0.1, server: localhost, request: "GET /_next/webpack-hmr?page=/login HTTP/1.1", host: "localhost:8000", referrer: "http://localhost:8000/login"
2020/11/09 21:10:35 [error] 320#0: *1 open() "/usr/local/Cellar/nginx/1.19.4/html/_next/webpack-hmr" failed (2: No such file or directory), client: 127.0.0.1, server: localhost, request: "GET /_next/webpack-hmr?page=/login HTTP/1.1", host: "localhost:8000", referrer: "http://localhost:8000/login"
2020/11/09 21:10:40 [error] 320#0: *1 open() "/usr/local/Cellar/nginx/1.19.4/html/_next/webpack-hmr" failed (2: No such file or directory), client: 127.0.0.1, server: localhost, request: "GET /_next/webpack-hmr?page=/login HTTP/1.1", host: "localhost:8000", referrer: "http://localhost:8000/login"
2020/11/09 21:10:45 [error] 320#0: *1 open() "/usr/local/Cellar/nginx/1.19.4/html/_next/webpack-hmr" failed (2: No such file or directory), client: 127.0.0.1, server: localhost, request: "GET /_next/webpack-hmr?page=/login HTTP/1.1", host: "localhost:8000", referrer: "http://localhost:8000/login"
2020/11/09 21:10:50 [error] 320#0: *1 open() "/usr/local/Cellar/nginx/1.19.4/html/_next/webpack-hmr" failed (2: No such file or directory), client: 127.0.0.1, server: localhost, request: "GET /_next/webpack-hmr?page=/login HTTP/1.1", host: "localhost:8000", referrer: "http://localhost:8000/login"
2020/11/09 21:10:55 [error] 320#0: *1 open() "/usr/local/Cellar/nginx/1.19.4/html/_next/webpack-hmr" failed (2: No such file or directory), client: 127.0.0.1, server: localhost, request: "GET /_next/webpack-hmr?page=/login HTTP/1.1", host: "localhost:8000", referrer: "http://localhost:8000/login"
2020/11/09 21:11:00 [error] 320#0: *1 open() "/usr/local/Cellar/nginx/1.19.4/html/_next/webpack-hmr" failed (2: No such file or directory), client: 127.0.0.1, server: localhost, request: "GET /_next/webpack-hmr?page=/login HTTP/1.1", host: "localhost:8000", referrer: "http://localhost:8000/login"
2020/11/09 21:11:05 [error] 320#0: *1 open() "/usr/local/Cellar/nginx/1.19.4/html/_next/webpack-hmr" failed (2: No such file or directory), client: 127.0.0.1, server: localhost, request: "GET /_next/webpack-hmr?page=/login HTTP/1.1", host: "localhost:8000", referrer: "http://localhost:8000/login"
2020/11/09 21:11:10 [error] 320#0: *1 open() "/usr/local/Cellar/nginx/1.19.4/html/_next/webpack-hmr" failed (2: No such file or directory), client: 127.0.0.1, server: localhost, request: "GET /_next/webpack-hmr?page=/login HTTP/1.1", host: "localhost:8000", referrer: "http://localhost:8000/login"
2020/11/09 21:11:15 [error] 320#0: *1 open() "/usr/local/Cellar/nginx/1.19.4/html/_next/webpack-hmr" failed (2: No such file or directory), client: 127.0.0.1, server: localhost, request: "GET /_next/webpack-hmr?page=/login HTTP/1.1", host: "localhost:8000", referrer: "http://localhost:8000/login"
2020/11/09 21:11:20 [error] 320#0: *1 open() "/usr/local/Cellar/nginx/1.19.4/html/_next/webpack-hmr" failed (2: No such file or directory), client: 127.0.0.1, server: localhost, request: "GET /_next/webpack-hmr?page=/login HTTP/1.1", host: "localhost:8000", referrer: "http://localhost:8000/login"
2020/11/09 21:11:26 [error] 320#0: *1 open() "/usr/local/Cellar/nginx/1.19.4/html/_next/webpack-hmr" failed (2: No such file or directory), client: 127.0.0.1, server: localhost, request: "GET /_next/webpack-hmr?page=/login HTTP/1.1", host: "localhost:8000", referrer: "http://localhost:8000/login"
2020/11/09 21:11:31 [error] 320#0: *1 open() "/usr/local/Cellar/nginx/1.19.4/html/_next/webpack-hmr" failed (2: No such file or directory), client: 127.0.0.1, server: localhost, request: "GET /_next/webpack-hmr?page=/login HTTP/1.1", host: "localhost:8000", referrer: "http://localhost:8000/login"
2020/11/09 21:11:36 [error] 320#0: *1 open() "/usr/local/Cellar/nginx/1.19.4/html/_next/webpack-hmr" failed (2: No such file or directory), client: 127.0.0.1, server: localhost, request: "GET /_next/webpack-hmr?page=/login HTTP/1.1", host: "localhost:8000", referrer: "http://localhost:8000/login"
2020/11/09 21:11:41 [error] 320#0: *1 open() "/usr/local/Cellar/nginx/1.19.4/html/_next/webpack-hmr" failed (2: No such file or directory), client: 127.0.0.1, server: localhost, request: "GET /_next/webpack-hmr?page=/login HTTP/1.1", host: "localhost:8000", referrer: "http://localhost:8000/login"
2020/11/09 21:11:46 [error] 320#0: *1 open() "/usr/local/Cellar/nginx/1.19.4/html/_next/webpack-hmr" failed (2: No such file or directory), client: 127.0.0.1, server: localhost, request: "GET /_next/webpack-hmr?page=/login HTTP/1.1", host: "localhost:8000", referrer: "http://localhost:8000/login"
2020/11/09 21:11:51 [error] 320#0: *1 open() "/usr/local/Cellar/nginx/1.19.4/html/_next/webpack-hmr" failed (2: No such file or directory), client: 127.0.0.1, server: localhost, request: "GET /_next/webpack-hmr?page=/login HTTP/1.1", host: "localhost:8000", referrer: "http://localhost:8000/login"
2020/11/09 21:11:56 [error] 320#0: *1 open() "/usr/local/Cellar/nginx/1.19.4/html/_next/webpack-hmr" failed (2: No such file or directory), client: 127.0.0.1, server: localhost, request: "GET /_next/webpack-hmr?page=/login HTTP/1.1", host: "localhost:8000", referrer: "http://localhost:8000/login"
2020/11/09 21:12:01 [error] 320#0: *1 open() "/usr/local/Cellar/nginx/1.19.4/html/_next/webpack-hmr" failed (2: No such file or directory), client: 127.0.0.1, server: localhost, request: "GET /_next/webpack-hmr?page=/login HTTP/1.1", host: "localhost:8000", referrer: "http://localhost:8000/login"
2020/11/09 21:12:06 [error] 320#0: *1 open() "/usr/local/Cellar/nginx/1.19.4/html/_next/webpack-hmr" failed (2: No such file or directory), client: 127.0.0.1, server: localhost, request: "GET /_next/webpack-hmr?page=/login HTTP/1.1", host: "localhost:8000", referrer: "http://localhost:8000/login"
2020/11/09 21:12:11 [error] 320#0: *1 open() "/usr/local/Cellar/nginx/1.19.4/html/_next/webpack-hmr" failed (2: No such file or directory), client: 127.0.0.1, server: localhost, request: "GET /_next/webpack-hmr?page=/login HTTP/1.1", host: "localhost:8000", referrer: "http://localhost:8000/login"
2020/11/09 21:12:16 [error] 320#0: *1 open() "/usr/local/Cellar/nginx/1.19.4/html/_next/webpack-hmr" failed (2: No such file or directory), client: 127.0.0.1, server: localhost, request: "GET /_next/webpack-hmr?page=/login HTTP/1.1", host: "localhost:8000", referrer: "http://localhost:8000/login"
2020/11/09 21:12:21 [error] 320#0: *1 open() "/usr/local/Cellar/nginx/1.19.4/html/_next/webpack-hmr" failed (2: No such file or directory), client: 127.0.0.1, server: localhost, request: "GET /_next/webpack-hmr?page=/login HTTP/1.1", host: "localhost:8000", referrer: "http://localhost:8000/login"
2020/11/09 21:12:26 [error] 320#0: *1 open() "/usr/local/Cellar/nginx/1.19.4/html/_next/webpack-hmr" failed (2: No such file or directory), client: 127.0.0.1, server: localhost, request: "GET /_next/webpack-hmr?page=/login HTTP/1.1", host: "localhost:8000", referrer: "http://localhost:8000/login"
2020/11/09 21:12:31 [error] 320#0: *1 open() "/usr/local/Cellar/nginx/1.19.4/html/_next/webpack-hmr" failed (2: No such file or directory), client: 127.0.0.1, server: localhost, request: "GET /_next/webpack-hmr?page=/login HTTP/1.1", host: "localhost:8000", referrer: "http://localhost:8000/login"
2020/11/09 21:12:36 [error] 320#0: *1 open() "/usr/local/Cellar/nginx/1.19.4/html/_next/webpack-hmr" failed (2: No such file or directory), client: 127.0.0.1, server: localhost, request: "GET /_next/webpack-hmr?page=/login HTTP/1.1", host: "localhost:8000", referrer: "http://localhost:8000/login"
2020/11/09 21:12:41 [error] 320#0: *1 open() "/usr/local/Cellar/nginx/1.19.4/html/_next/webpack-hmr" failed (2: No such file or directory), client: 127.0.0.1, server: localhost, request: "GET /_next/webpack-hmr?page=/login HTTP/1.1", host: "localhost:8000", referrer: "http://localhost:8000/login"
2020/11/09 21:12:46 [error] 320#0: *1 open() "/usr/local/Cellar/nginx/1.19.4/html/_next/webpack-hmr" failed (2: No such file or directory), client: 127.0.0.1, server: localhost, request: "GET /_next/webpack-hmr?page=/login HTTP/1.1", host: "localhost:8000", referrer: "http://localhost:8000/login"
2020/11/09 21:12:51 [error] 320#0: *1 open() "/usr/local/Cellar/nginx/1.19.4/html/_next/webpack-hmr" failed (2: No such file or directory), client: 127.0.0.1, server: localhost, request: "GET /_next/webpack-hmr?page=/login HTTP/1.1", host: "localhost:8000", referrer: "http://localhost:8000/login"
2020/11/09 21:12:56 [error] 320#0: *1 open() "/usr/local/Cellar/nginx/1.19.4/html/_next/webpack-hmr" failed (2: No such file or directory), client: 127.0.0.1, server: localhost, request: "GET /_next/webpack-hmr?page=/login HTTP/1.1", host: "localhost:8000", referrer: "http://localhost:8000/login"
2020/11/09 21:13:01 [error] 320#0: *1 open() "/usr/local/Cellar/nginx/1.19.4/html/_next/webpack-hmr" failed (2: No such file or directory), client: 127.0.0.1, server: localhost, request: "GET /_next/webpack-hmr?page=/login HTTP/1.1", host: "localhost:8000", referrer: "http://localhost:8000/login"
2020/11/09 21:13:06 [error] 320#0: *1 open() "/usr/local/Cellar/nginx/1.19.4/html/_next/webpack-hmr" failed (2: No such file or directory), client: 127.0.0.1, server: localhost, request: "GET /_next/webpack-hmr?page=/login HTTP/1.1", host: "localhost:8000", referrer: "http://localhost:8000/login"
